(node:*) ExperimentalWarning: --experimental-loader is an experimental feature. This feature could change at any time
(Use `* --trace-warnings ...` to show where the warning was created)
node:internal/process/esm_loader:*
    internalBinding('errors').triggerUncaughtException(
                              ^

Error [ERR_MODULE_NOT_FOUND]: Cannot find module '*test*common*fixtures' imported from *
Did you mean to import ./test/common/fixtures.js?
    at new NodeError (node:internal/errors:*:*)
    at finalizeResolution (node:internal/modules/esm/resolve:*:*)
    at moduleResolve (node:internal/modules/esm/resolve:*:*)
    at defaultResolve (node:internal/modules/esm/resolve:*:*)
    at ESMLoader.resolve (node:internal/modules/esm/loader:*:*)
    at ESMLoader.getModuleJob (node:internal/modules/esm/loader:*:*)
    at ESMLoader.import (node:internal/modules/esm/loader:*:*)
    at initializeLoader (node:internal/process/esm_loader:*:*)
    at loadESM (node:internal/process/esm_loader:*:*)
    at runMainESM (node:internal/modules/run_main:*:*) {
  code: 'ERR_MODULE_NOT_FOUND'
}
