node:internal/process/warning:*
        throw warning;
        ^

DeprecationWarning: Obsolete loader hook(s) supplied and will be ignored: dynamicInstantiate, getFormat, getSource, transformSource
    at Function.pluckHooks (node:internal/modules/esm/loader:*:*)
    at ESMLoader.addCustomLoaders (node:internal/modules/esm/loader:*:*)
    at initializeLoader (node:internal/process/esm_loader:*:*)
    at async loadESM (node:internal/process/esm_loader:*:*)
    at async handleMainPromise (node:internal/modules/run_main:*:*)
